2026-01-07T13:49:00.675Z: --- FONT REGISTRATION DEBUG ---
2026-01-07T13:49:00.675Z: Base Font Path: /Users/apple/Nikiligorskye Dachi_Villa/public/fonts
2026-01-07T13:49:00.682Z: DEBUG: Font Path: /Users/apple/Nikiligorskye Dachi_Villa/public/fonts
2026-01-07T13:49:00.682Z: DEBUG: Regular Exists: true
2026-01-07T13:49:00.682Z: DEBUG: Regular Base64 (first 20): AAEAAAATAQAABAAwR0RF
2026-01-07T13:49:00.683Z: ✅ Fonts registered as "BrochureDebug"
2026-01-07T13:49:00.683Z: -------------------------------
2026-01-07T13:52:51.642Z: --- FONT REGISTRATION DEBUG ---
2026-01-07T13:52:51.642Z: Base Font Path: /Users/apple/Nikiligorskye Dachi_Villa/public/fonts
2026-01-07T13:52:51.643Z: DEBUG: Font Path: /Users/apple/Nikiligorskye Dachi_Villa/public/fonts
2026-01-07T13:52:51.644Z: DEBUG: Regular Exists: true
2026-01-07T13:52:51.644Z: DEBUG: Regular Base64 (first 20): AAEAAAATAQAABAAwR0RF
2026-01-07T13:52:51.644Z: ✅ Fonts registered as "BrochureDebug"
2026-01-07T13:52:51.644Z: -------------------------------
2026-01-07T13:52:51.644Z: Generating PDF to temp file: /var/folders/qx/3ftsc0gn5bq386h4hzhkfp580000gn/T/brochure_1767793971644.pdf
2026-01-07T13:52:51.733Z: PDF generated successfully, size: 5176
2026-01-07T13:53:25.818Z: --- FONT REGISTRATION DEBUG ---
2026-01-07T13:53:25.819Z: Base Font Path: /Users/apple/Nikiligorskye Dachi_Villa/public/fonts
2026-01-07T13:53:25.821Z: DEBUG: Font Path: /Users/apple/Nikiligorskye Dachi_Villa/public/fonts
2026-01-07T13:53:25.821Z: DEBUG: Regular Exists: true
2026-01-07T13:53:25.821Z: DEBUG: Regular Base64 (first 20): AAEAAAATAQAABAAwR0RF
2026-01-07T13:53:25.821Z: ✅ Fonts registered as "BrochureDebug"
2026-01-07T13:53:25.821Z: -------------------------------
2026-01-07T13:53:25.821Z: Generating PDF to temp file: /var/folders/qx/3ftsc0gn5bq386h4hzhkfp580000gn/T/brochure_1767794005821.pdf
2026-01-07T13:53:25.863Z: PDF generated successfully, size: 5176
2026-01-07T13:53:38.797Z: --- FONT REGISTRATION DEBUG ---
2026-01-07T13:53:38.797Z: Base Font Path: /Users/apple/Nikiligorskye Dachi_Villa/public/fonts
2026-01-07T13:53:38.798Z: DEBUG: Font Path: /Users/apple/Nikiligorskye Dachi_Villa/public/fonts
2026-01-07T13:53:38.798Z: DEBUG: Regular Exists: true
2026-01-07T13:53:38.798Z: DEBUG: Regular Base64 (first 20): AAEAAAATAQAABAAwR0RF
2026-01-07T13:53:38.798Z: ✅ Fonts registered as "BrochureDebug"
2026-01-07T13:53:38.798Z: -------------------------------
2026-01-07T13:53:38.798Z: Generating PDF to temp file: /var/folders/qx/3ftsc0gn5bq386h4hzhkfp580000gn/T/brochure_1767794018798.pdf
2026-01-07T13:53:38.820Z: PDF generated successfully, size: 5176
2026-01-07T13:53:50.523Z: --- FONT REGISTRATION DEBUG ---
2026-01-07T13:53:50.524Z: Base Font Path: /Users/apple/Nikiligorskye Dachi_Villa/public/fonts
2026-01-07T13:53:50.525Z: DEBUG: Font Path: /Users/apple/Nikiligorskye Dachi_Villa/public/fonts
2026-01-07T13:53:50.525Z: DEBUG: Regular Exists: true
2026-01-07T13:53:50.525Z: DEBUG: Regular Base64 (first 20): AAEAAAATAQAABAAwR0RF
2026-01-07T13:53:50.525Z: ✅ Fonts registered as "BrochureDebug"
2026-01-07T13:53:50.525Z: -------------------------------
2026-01-07T13:53:50.525Z: Generating PDF to temp file: /var/folders/qx/3ftsc0gn5bq386h4hzhkfp580000gn/T/brochure_1767794030525.pdf
2026-01-07T13:53:50.601Z: PDF generated successfully, size: 10633
2026-01-07T13:55:06.535Z: --- FONT REGISTRATION DEBUG ---
2026-01-07T13:55:06.535Z: Base Font Path: /Users/apple/Nikiligorskye Dachi_Villa/public/fonts
2026-01-07T13:55:06.536Z: DEBUG: Font Path: /Users/apple/Nikiligorskye Dachi_Villa/public/fonts
2026-01-07T13:55:06.537Z: DEBUG: Regular Exists: true
2026-01-07T13:55:06.537Z: DEBUG: Regular Base64 (first 20): AAEAAAATAQAABAAwR0RF
2026-01-07T13:55:06.537Z: ✅ Fonts registered as "BrochureDebug"
2026-01-07T13:55:06.537Z: -------------------------------
2026-01-07T13:55:06.537Z: Generating PDF to temp file: /var/folders/qx/3ftsc0gn5bq386h4hzhkfp580000gn/T/brochure_1767794106537.pdf
2026-01-07T13:55:06.559Z: PDF generated successfully, size: 5176
2026-01-07T13:55:28.259Z: --- FONT REGISTRATION DEBUG ---
2026-01-07T13:55:28.259Z: Base Font Path: /Users/apple/Nikiligorskye Dachi_Villa/public/fonts
2026-01-07T13:55:28.260Z: DEBUG: Font Path: /Users/apple/Nikiligorskye Dachi_Villa/public/fonts
2026-01-07T13:55:28.260Z: DEBUG: Regular Exists: true
2026-01-07T13:55:28.260Z: DEBUG: Regular Base64 (first 20): AAEAAAATAQAABAAwR0RF
2026-01-07T13:55:28.260Z: ✅ Fonts registered as "BrochureDebug"
2026-01-07T13:55:28.260Z: -------------------------------
2026-01-07T13:55:28.260Z: Generating PDF to temp file: /var/folders/qx/3ftsc0gn5bq386h4hzhkfp580000gn/T/brochure_1767794128260.pdf
2026-01-07T13:55:28.317Z: PDF generated successfully, size: 25813
2026-01-07T13:57:35.702Z: --- FONT REGISTRATION DEBUG ---
2026-01-07T13:57:35.702Z: Base Font Path: /Users/apple/Nikiligorskye Dachi_Villa/public/fonts
2026-01-07T13:57:35.704Z: DEBUG: Font Path: /Users/apple/Nikiligorskye Dachi_Villa/public/fonts
2026-01-07T13:57:35.704Z: DEBUG: Regular Exists: true
2026-01-07T13:57:35.704Z: DEBUG: Regular Base64 (first 20): AAEAAAATAQAABAAwR0RF
2026-01-07T13:57:35.704Z: ✅ Fonts registered as "BrochureDebug"
2026-01-07T13:57:35.704Z: -------------------------------
2026-01-07T13:57:35.704Z: Generating PDF to temp file: /var/folders/qx/3ftsc0gn5bq386h4hzhkfp580000gn/T/brochure_1767794255704.pdf
2026-01-07T13:57:35.746Z: PDF generated successfully, size: 25339
2026-01-07T14:01:28.547Z: --- FONT REGISTRATION DEBUG ---
2026-01-07T14:01:28.547Z: Base Font Path: /Users/apple/Nikiligorskye Dachi_Villa/public/fonts
2026-01-07T14:01:28.549Z: DEBUG: Font Path: /Users/apple/Nikiligorskye Dachi_Villa/public/fonts
2026-01-07T14:01:28.550Z: DEBUG: Regular Exists: true
2026-01-07T14:01:28.550Z: DEBUG: Regular Base64 (first 20): AAEAAAATAQAABAAwR0RF
2026-01-07T14:01:28.550Z: ✅ Fonts registered as "BrochureDebug"
2026-01-07T14:01:28.550Z: -------------------------------
2026-01-07T14:01:28.551Z: Generating PDF to temp file: /var/folders/qx/3ftsc0gn5bq386h4hzhkfp580000gn/T/brochure_1767794488551.pdf
2026-01-07T14:01:28.617Z: PDF generated successfully, size: 25813
2026-01-07T14:01:48.828Z: --- FONT REGISTRATION DEBUG ---
2026-01-07T14:01:48.828Z: Base Font Path: /Users/apple/Nikiligorskye Dachi_Villa/public/fonts
2026-01-07T14:01:48.830Z: DEBUG: Font Path: /Users/apple/Nikiligorskye Dachi_Villa/public/fonts
2026-01-07T14:01:48.830Z: DEBUG: Regular Exists: true
2026-01-07T14:01:48.830Z: DEBUG: Regular Base64 (first 20): AAEAAAATAQAABAAwR0RF
2026-01-07T14:01:48.830Z: ✅ Fonts registered as "BrochureDebug"
2026-01-07T14:01:48.830Z: -------------------------------
2026-01-07T14:01:48.830Z: Generating PDF to temp file: /var/folders/qx/3ftsc0gn5bq386h4hzhkfp580000gn/T/brochure_1767794508830.pdf
2026-01-07T14:01:48.830Z: Resolved Hero Image Path: /Users/apple/Nikiligorskye Dachi_Villa/public/Facade1.jpeg
2026-01-07T14:01:48.876Z: PDF generated successfully, size: 303815
2026-01-07T14:04:17.174Z: --- FONT REGISTRATION DEBUG ---
2026-01-07T14:04:17.175Z: Base Font Path: /Users/apple/Nikiligorskye Dachi_Villa/public/fonts
2026-01-07T14:04:17.176Z: DEBUG: Font Path: /Users/apple/Nikiligorskye Dachi_Villa/public/fonts
2026-01-07T14:04:17.176Z: DEBUG: Regular Exists: true
2026-01-07T14:04:17.176Z: DEBUG: Regular Base64 (first 20): AAEAAAATAQAABAAwR0RF
2026-01-07T14:04:17.176Z: ✅ Fonts registered as "BrochureDebug"
2026-01-07T14:04:17.176Z: -------------------------------
2026-01-07T14:04:17.176Z: Generating PDF to temp file: /var/folders/qx/3ftsc0gn5bq386h4hzhkfp580000gn/T/brochure_1767794657176.pdf
2026-01-07T14:04:17.176Z: Resolved Hero Image Path: /Users/apple/Nikiligorskye Dachi_Villa/public/Facade1.jpeg
2026-01-07T14:04:17.245Z: PDF generated successfully, size: 306109
2026-01-07T14:06:07.401Z: --- FONT REGISTRATION DEBUG ---
2026-01-07T14:06:07.402Z: Base Font Path: /Users/apple/Nikiligorskye Dachi_Villa/public/fonts
2026-01-07T14:06:07.404Z: DEBUG: Font Path: /Users/apple/Nikiligorskye Dachi_Villa/public/fonts
2026-01-07T14:06:07.404Z: DEBUG: Regular Exists: true
2026-01-07T14:06:07.405Z: DEBUG: Regular Base64 (first 20): AAEAAAATAQAABAAwR0RF
2026-01-07T14:06:07.405Z: ✅ Fonts registered as "BrochureDebug"
2026-01-07T14:06:07.405Z: -------------------------------
2026-01-07T14:06:07.405Z: Generating PDF to temp file: /var/folders/qx/3ftsc0gn5bq386h4hzhkfp580000gn/T/brochure_1767794767405.pdf
2026-01-07T14:06:07.405Z: Resolved Hero Image Path: /Users/apple/Nikiligorskye Dachi_Villa/public/Facade3.jpeg
2026-01-07T14:06:07.477Z: PDF generated successfully, size: 1153815
2026-01-07T14:09:39.557Z: --- FONT REGISTRATION DEBUG ---
2026-01-07T14:09:39.557Z: Base Font Path: /Users/apple/Nikiligorskye Dachi_Villa/public/fonts
2026-01-07T14:09:39.559Z: DEBUG: Font Path: /Users/apple/Nikiligorskye Dachi_Villa/public/fonts
2026-01-07T14:09:39.559Z: DEBUG: Regular Exists: true
2026-01-07T14:09:39.559Z: DEBUG: Regular Base64 (first 20): AAEAAAATAQAABAAwR0RF
2026-01-07T14:09:39.559Z: ✅ Fonts registered as "BrochureDebug"
2026-01-07T14:09:39.559Z: -------------------------------
2026-01-07T14:09:39.559Z: Generating PDF to temp file: /var/folders/qx/3ftsc0gn5bq386h4hzhkfp580000gn/T/brochure_1767794979559.pdf
2026-01-07T14:09:39.559Z: Resolved Hero Image Path: /Users/apple/Nikiligorskye Dachi_Villa/public/Facade1.jpeg
2026-01-07T14:09:39.620Z: PDF generated successfully, size: 305525
2026-01-07T14:10:23.909Z: --- FONT REGISTRATION DEBUG ---
2026-01-07T14:10:23.909Z: Base Font Path: /Users/apple/Nikiligorskye Dachi_Villa/public/fonts
2026-01-07T14:10:23.911Z: DEBUG: Font Path: /Users/apple/Nikiligorskye Dachi_Villa/public/fonts
2026-01-07T14:10:23.912Z: DEBUG: Regular Exists: true
2026-01-07T14:10:23.912Z: DEBUG: Regular Base64 (first 20): AAEAAAATAQAABAAwR0RF
2026-01-07T14:10:23.912Z: ✅ Fonts registered as "BrochureDebug"
2026-01-07T14:10:23.912Z: -------------------------------
2026-01-07T14:10:23.912Z: Generating PDF to temp file: /var/folders/qx/3ftsc0gn5bq386h4hzhkfp580000gn/T/brochure_1767795023912.pdf
2026-01-07T14:10:23.912Z: Resolved Hero Image Path: /Users/apple/Nikiligorskye Dachi_Villa/public/Facade3.jpeg
2026-01-07T14:10:23.976Z: PDF generated successfully, size: 1153135
2026-01-07T14:12:49.950Z: --- FONT REGISTRATION DEBUG ---
2026-01-07T14:12:49.951Z: Base Font Path: /Users/apple/Nikiligorskye Dachi_Villa/public/fonts
2026-01-07T14:12:49.952Z: DEBUG: Font Path: /Users/apple/Nikiligorskye Dachi_Villa/public/fonts
2026-01-07T14:12:49.952Z: DEBUG: Regular Exists: true
2026-01-07T14:12:49.952Z: DEBUG: Regular Base64 (first 20): AAEAAAATAQAABAAwR0RF
2026-01-07T14:12:49.953Z: ✅ Fonts registered as "BrochureDebug"
2026-01-07T14:12:49.953Z: -------------------------------
2026-01-07T14:12:49.953Z: Generating PDF to temp file: /var/folders/qx/3ftsc0gn5bq386h4hzhkfp580000gn/T/brochure_1767795169953.pdf
2026-01-07T14:12:49.953Z: Resolved Hero Image Path: /Users/apple/Nikiligorskye Dachi_Villa/public/Facade3.jpeg
2026-01-07T14:12:50.029Z: PDF generated successfully, size: 1153230
2026-01-07T14:13:27.959Z: --- FONT REGISTRATION DEBUG ---
2026-01-07T14:13:27.959Z: Base Font Path: /Users/apple/Nikiligorskye Dachi_Villa/public/fonts
2026-01-07T14:13:27.961Z: DEBUG: Font Path: /Users/apple/Nikiligorskye Dachi_Villa/public/fonts
2026-01-07T14:13:27.961Z: DEBUG: Regular Exists: true
2026-01-07T14:13:27.961Z: DEBUG: Regular Base64 (first 20): AAEAAAATAQAABAAwR0RF
2026-01-07T14:13:27.961Z: ✅ Fonts registered as "BrochureDebug"
2026-01-07T14:13:27.961Z: -------------------------------
2026-01-07T14:13:27.961Z: Generating PDF to temp file: /var/folders/qx/3ftsc0gn5bq386h4hzhkfp580000gn/T/brochure_1767795207961.pdf
2026-01-07T14:13:27.961Z: Resolved Hero Image Path: /Users/apple/Nikiligorskye Dachi_Villa/public/Facade3.jpeg
2026-01-07T14:13:28.022Z: PDF generated successfully, size: 1153230
